// Jest Snapshot v1, https://goo.gl/fbAQLP

exports[`pruebas en <FirstApp /> debe de hacer match con el snahpshot 1`] = `
<div>
  <h1
    data-testid="test-title"
  >
     
    Hola soy goku
     
  </h1>
  <p>
     
    No hay subtitulo
     
  </p>
  <p>
     
    No hay subtitulo
     
  </p>
  <p>
     
    Vado Robles
     
  </p>
</div>
`;
